Microchip MPLAB XC8 Compiler V2.31

Linker command line:

-W-3 --edf=C:\Program Files\Microchip\xc8\v2.31\pic\dat\en_msgs.txt -cn \
  -h+dist/default/production\MCU_PIC.X.production.sym \
  --cmf=dist/default/production\MCU_PIC.X.production.cmf -z -Q16F887 \
  -oC:\Users\USUARI~1\AppData\Local\Temp\sdn4.2 --defsym=__MPLAB_BUILD=1 \
  -Mdist/default/production/MCU_PIC.X.production.map -E1 -ver=XC8 Compiler \
  -ASTACK=0110h-016Fh -pstack=STACK -ACODE=00h-07FFhx4 -ASTRCODE=00h-01FFFh \
  -ASTRING=00h-0FFhx32 -ACONST=00h-0FFhx32 -AENTRY=00h-0FFhx32 \
  -ACOMMON=070h-07Fh -ABANK0=020h-06Fh -ABANK1=0A0h-0EFh \
  -ABANK2=0110h-016Fh -ABANK3=0190h-01EFh \
  -ARAM=020h-06Fh,0A0h-0EFh,0110h-016Fh,0190h-01EFh \
  -AABS1=020h-07Fh,0A0h-0EFh,0110h-016Fh,0190h-01EFh -ASFR0=00h-01Fh \
  -ASFR1=080h-09Fh -ASFR2=0100h-010Fh -ASFR3=0180h-018Fh \
  -ACONFIG=02007h-02008h -DCONFIG=2 -AIDLOC=02000h-02003h -DIDLOC=2 \
  -AEEDATA=00h-0FFh/02100h -peeprom_data=EEDATA -DEEDATA=2 -DCODE=2 \
  -DSTRCODE=2 -DSTRING=2 -DCONST=2 -DENTRY=2 \
  -preset_vec=00h,intentry=04h,init,end_init -ppowerup=CODE -pcinit=CODE \
  -pfunctab=ENTRY -k C:\Users\USUARI~1\AppData\Local\Temp\sdn4.o \
  dist/default/production\MCU_PIC.X.production.o 

Object code version is 3.11

Machine type is 16F887



                Name                               Link     Load   Length Selector   Space Scale
C:\Users\USUARI~1\AppData\Local\Temp\sdn4.o
                end_init                              C        C        3        8       0
                reset_vec                             0        0        3        0       0
                config                             2007     2007        2        0       4
dist/default/production\MCU_PIC.X.production.o
                cinit                                 F        F       10        8       0
                intentry                              4        4        8        8       0
                config                             2007     2007        2        0       4
                text33                              F87      F87        8     1F0E       0
                text32                              62C      62C       3C        8       0
                text31                              5B2      5B2       3E        8       0
                text30                              782      782       22        8       0
                text29                              FD1      FD1        D     1FA2       0
                text28                              36A      36A       75        8       0
                text27                              FC5      FC5        C     1F8A       0
                text26                              7A4      7A4       1E        8       0
                text25                              7FB      7FB        5        8       0
                text24                              F8F      F8F        8     1F1E       0
                text23                              FB1      FB1        A     1F62       0
                text22                              FDE      FDE        D     1FBC       0
                text21                              6D4      6D4       30        8       0
                text20                              F9F      F9F        9     1F3E       0
                text19                              FA8      FA8        9     1F50       0
                text18                              FBB      FBB        A     1F76       0
                text17                              FEB      FEB       15     1FD6       0
                text16                              7DF      7DF       1C        8       0
                text15                               1F       1F       F5        8       0
                text14                              3DF      3DF       69        8       0
                text13                              511      511       5B        8       0
                text12                              75C      75C       26        8       0
                text11                              7C2      7C2       1D        8       0
                text10                              733      733       29        8       0
                text9                               1FE      1FE       C5        8       0
                text8                               6A2      6A2       32        8       0
                text7                               2C3      2C3       A7        8       0
                text6                               448      448       68        8       0
                text5                               668      668       3A        8       0
                text4                               704      704       2F        8       0
                text3                               56C      56C       46        8       0
                text2                               5F0      5F0       3C        8       0
                text1                               114      114       EA        8       0
                maintext                            4B0      4B0       61        8       0
                cstackBANK0                          3F       3F       19       20       1
                cstackCOMMON                         70       70        8       70       1
                clrtext                             F97      F97        8     1F2E       0
                bssBANK0                             20       20       1F       20       1
                bssCOMMON                            78       78        3       70       1
                strings                             800      800       1B     1000       0

TOTAL           Name                               Link     Load   Length     Space
        CLASS   STACK          

        CLASS   CODE           
                end_init                              C        C        3         0
                cinit                                 F        F       10         0
                intentry                              4        4        8         0
                reset_vec                             0        0        3         0
                text33                              F87      F87        8         0
                text32                              62C      62C       3C         0
                text31                              5B2      5B2       3E         0
                text30                              782      782       22         0
                text29                              FD1      FD1        D         0
                text28                              36A      36A       75         0
                text27                              FC5      FC5        C         0
                text26                              7A4      7A4       1E         0
                text25                              7FB      7FB        5         0
                text24                              F8F      F8F        8         0
                text23                              FB1      FB1        A         0
                text22                              FDE      FDE        D         0
                text21                              6D4      6D4       30         0
                text20                              F9F      F9F        9         0
                text19                              FA8      FA8        9         0
                text18                              FBB      FBB        A         0
                text17                              FEB      FEB       15         0
                text16                              7DF      7DF       1C         0
                text15                               1F       1F       F5         0
                text14                              3DF      3DF       69         0
                text13                              511      511       5B         0
                text12                              75C      75C       26         0
                text11                              7C2      7C2       1D         0
                text10                              733      733       29         0
                text9                               1FE      1FE       C5         0
                text8                               6A2      6A2       32         0
                text7                               2C3      2C3       A7         0
                text6                               448      448       68         0
                text5                               668      668       3A         0
                text4                               704      704       2F         0
                text3                               56C      56C       46         0
                text2                               5F0      5F0       3C         0
                text1                               114      114       EA         0
                maintext                            4B0      4B0       61         0
                clrtext                             F97      F97        8         0

        CLASS   STRCODE        

        CLASS   STRING         
                strings                             800      800       1B         0

        CLASS   CONST          

        CLASS   ENTRY          

        CLASS   COMMON         
                cstackCOMMON                         70       70        8         1
                bssCOMMON                            78       78        3         1

        CLASS   BANK0          
                cstackBANK0                          3F       3F       19         1
                bssBANK0                             20       20       1F         1

        CLASS   BANK1          

        CLASS   BANK2          

        CLASS   BANK3          

        CLASS   RAM            

        CLASS   ABS1           
                abs_s1                               7E       7E        2         1

        CLASS   SFR0           

        CLASS   SFR1           

        CLASS   SFR2           

        CLASS   SFR3           

        CLASS   CONFIG         
                config                             2007     2007        2         4

        CLASS   IDLOC          

        CLASS   EEDATA         



SEGMENTS        Name                           Load    Length   Top    Selector   Space  Class     Delta

                reset_vec                      000000  000003  000003         0       0  CODE        2
                intentry                       000004  0007FC  000800         8       0  CODE        2
                bssBANK0                       000020  000038  000058        20       1  BANK0       1
                cstackCOMMON                   000070  00000B  00007B        70       1  COMMON      1
                strings                        000800  00001B  00081B      1000       0  STRING      2
                text33                         000F87  000008  000F8F      1F0E       0  CODE        2
                text24                         000F8F  000008  000F97      1F1E       0  CODE        2
                clrtext                        000F97  000008  000F9F      1F2E       0  CODE        2
                text20                         000F9F  000009  000FA8      1F3E       0  CODE        2
                text19                         000FA8  000009  000FB1      1F50       0  CODE        2
                text23                         000FB1  00000A  000FBB      1F62       0  CODE        2
                text18                         000FBB  00000A  000FC5      1F76       0  CODE        2
                text27                         000FC5  00000C  000FD1      1F8A       0  CODE        2
                text29                         000FD1  00000D  000FDE      1FA2       0  CODE        2
                text22                         000FDE  00000D  000FEB      1FBC       0  CODE        2
                text17                         000FEB  000015  001000      1FD6       0  CODE        2


UNUSED ADDRESS RANGES

        Name                Unused          Largest block    Delta
        BANK0            0058-006F             18           1
        BANK1            00A0-00EF             50           1
        BANK2            0110-016F             60           1
        BANK3            0190-01EF             60           1
        CODE             0003-0003              1           2
                         081B-0F86            76C
                         1000-1FFF            800
        COMMON           007B-007D              3           1
        CONST            0003-0003              1           2
                         081B-0F86            100
                         1000-1FFF            100
        EEDATA           2100-21FF            100           2
        ENTRY            0003-0003              1           2
                         081B-0F86            100
                         1000-1FFF            100
        IDLOC            2000-2003              4           2
        RAM              0058-006F             18           1
                         00A0-00EF             50
                         0110-016F             60
                         0190-01EF             60
        SFR0             0000-001F             20           1
        SFR1             0080-009F             20           1
        SFR2             0100-010F             10           1
        SFR3             0180-018F             10           1
        STACK            0110-016F             60           1
        STRCODE          0003-0003              1           2
                         081B-0F86            76C
                         1000-1FFF           1000
        STRING           0003-0003              1           2
                         081B-0F86            100
                         1000-1FFF            100

                                  Symbol Table

?_I2C_Master_Read            cstackCOMMON 0073
?___awdiv                    cstackCOMMON 0073
?___awmod                    cstackCOMMON 0073
?___lldiv                    cstackBANK0  003F
?___lwdiv                    cstackCOMMON 0073
?___lwmod                    cstackBANK0  0042
?_sprintf                    cstackBANK0  0048
CMDs@a                       cstackCOMMON 0076
I2C_Master_Init@c            cstackBANK0  004C
I2C_Master_Read@a            cstackCOMMON 0073
I2C_Master_Read@temp         cstackBANK0  003F
I2C_Master_Write@d           cstackBANK0  0049
Write_USART@a                cstackCOMMON 0073
Write_USART_String@a         cstackCOMMON 0075
Write_USART_String@i         cstackCOMMON 0076
_ANSEL                       (abs)        0188
_ANSELH                      (abs)        0189
_BUFFER                      bssBANK0     002B
_CMDs                        text30       0782
_GIE                         (abs)        005F
_I2C_Master_Init             text5        0668
_I2C_Master_Read             text21       06D4
_I2C_Master_Start            text20       0F9F
_I2C_Master_Stop             text19       0FA8
_I2C_Master_Wait             text22       0FDE
_I2C_Master_Write            text18       0FBB
_INTCONbits                  (abs)        000B
_IRCF0                       (abs)        047C
_IRCF1                       (abs)        047D
_IRCF2                       (abs)        047E
_ISR                         text32       062C
_LCD_clear                   text29       0FD1
_LCD_init                    text28       036A
_PEIE                        (abs)        005E
_PIE1bits                    (abs)        008C
_PIR1bits                    (abs)        000C
_PORTB                       (abs)        0006
_PORTBbits                   (abs)        0006
_PORTD                       (abs)        0008
_PORTE                       (abs)        0009
_RCIF                        (abs)        0065
_RCREG                       (abs)        001A
_RCSTAbits                   (abs)        0018
_RD0                         (abs)        0040
_RD1                         (abs)        0041
_RD2                         (abs)        0042
_RD3                         (abs)        0043
_RD4                         (abs)        0044
_RD5                         (abs)        0045
_RD6                         (abs)        0046
_RD7                         (abs)        0047
_RE0                         (abs)        0048
_RE1                         (abs)        0049
_Read_USART                  text33       0F87
_SPBRG                       (abs)        0099
_SSPADD                      (abs)        0093
_SSPBUF                      (abs)        0013
_SSPCON                      (abs)        0014
_SSPCON2                     (abs)        0091
_SSPCON2bits                 (abs)        0091
_SSPIE                       (abs)        0463
_SSPIF                       (abs)        0063
_SSPSTAT                     (abs)        0094
_TRISB                       (abs)        0086
_TRISC3                      (abs)        043B
_TRISC4                      (abs)        043C
_TRISCbits                   (abs)        0087
_TRISD                       (abs)        0088
_TRISE                       (abs)        0089
_TRMT                        (abs)        04C1
_TXREG                       (abs)        0019
_TXSTAbits                   (abs)        0098
_Write_USART                 text27       0FC5
_Write_USART_String          text26       07A4
__Habs1                      abs1         0000
__Hbank0                     bank0        0000
__Hbank1                     bank1        0000
__Hbank2                     bank2        0000
__Hbank3                     bank3        0000
__HbssBANK0                  bssBANK0     0000
__HbssCOMMON                 bssCOMMON    0000
__Hcinit                     cinit        001F
__Hclrtext                   clrtext      0000
__Hcode                      code         0000
__Hcommon                    common       0000
__Hconfig                    config       2009
__HcstackBANK0               cstackBANK0  0000
__HcstackCOMMON              cstackCOMMON 0000
__Heeprom_data               eeprom_data  0000
__Hend_init                  end_init     000F
__Hfunctab                   functab      0000
__Hinit                      init         000C
__Hintentry                  intentry     000C
__Hmaintext                  maintext     0000
__Hpowerup                   powerup      0000
__Hram                       ram          0000
__Hreset_vec                 reset_vec    0003
__Hsfr0                      sfr0         0000
__Hsfr1                      sfr1         0000
__Hsfr2                      sfr2         0000
__Hsfr3                      sfr3         0000
__Hspace_0                   (abs)        1000
__Hspace_1                   (abs)        007B
__Hspace_2                   (abs)        0000
__Hspace_3                   (abs)        0000
__Hspace_4                   (abs)        4010
__Hstack                     stack        0000
__Hstrings                   strings      0000
__Htext                      text         0000
__Labs1                      abs1         0000
__Lbank0                     bank0        0000
__Lbank1                     bank1        0000
__Lbank2                     bank2        0000
__Lbank3                     bank3        0000
__LbssBANK0                  bssBANK0     0000
__LbssCOMMON                 bssCOMMON    0000
__Lcinit                     cinit        000F
__Lclrtext                   clrtext      0000
__Lcode                      code         0000
__Lcommon                    common       0000
__Lconfig                    config       0000
__LcstackBANK0               cstackBANK0  0000
__LcstackCOMMON              cstackCOMMON 0000
__Leeprom_data               eeprom_data  0000
__Lend_init                  end_init     000C
__Lfunctab                   functab      0000
__Linit                      init         000C
__Lintentry                  intentry     0004
__Lmaintext                  maintext     0000
__Lpowerup                   powerup      0000
__Lram                       ram          0000
__Lreset_vec                 reset_vec    0000
__Lsfr0                      sfr0         0000
__Lsfr1                      sfr1         0000
__Lsfr2                      sfr2         0000
__Lsfr3                      sfr3         0000
__Lspace_0                   (abs)        0000
__Lspace_1                   (abs)        0000
__Lspace_2                   (abs)        0000
__Lspace_3                   (abs)        0000
__Lspace_4                   (abs)        0000
__Lstack                     stack        0000
__Lstrings                   strings      0000
__Ltext                      text         0000
__S0                         (abs)        1000
__S1                         (abs)        007B
__S2                         (abs)        0000
__S3                         (abs)        0000
___awdiv                     text14       03DF
___awdiv@counter             cstackBANK0  003F
___awdiv@dividend            cstackCOMMON 0075
___awdiv@divisor             cstackCOMMON 0073
___awdiv@quotient            cstackBANK0  0041
___awdiv@sign                cstackBANK0  0040
___awmod                     text13       0511
___awmod@counter             cstackBANK0  003F
___awmod@dividend            cstackCOMMON 0075
___awmod@divisor             cstackCOMMON 0073
___awmod@sign                cstackBANK0  0040
___bmul                      text17       0FEB
___bmul@multiplicand         cstackCOMMON 0073
___bmul@multiplier           cstackCOMMON 0076
___bmul@product              cstackCOMMON 0075
___int_sp                    stack        0000
___latbits                   (abs)        0002
___lldiv                     text6        0448
___lldiv@counter             cstackBANK0  004B
___lldiv@dividend            cstackBANK0  0043
___lldiv@divisor             cstackBANK0  003F
___lldiv@quotient            cstackBANK0  0047
___lwdiv                     text3        056C
___lwdiv@counter             cstackBANK0  003F
___lwdiv@dividend            cstackCOMMON 0075
___lwdiv@divisor             cstackCOMMON 0073
___lwdiv@quotient            cstackBANK0  0040
___lwmod                     text2        05F0
___lwmod@counter             cstackBANK0  0047
___lwmod@dividend            cstackBANK0  0044
___lwmod@divisor             cstackBANK0  0042
___sp                        stack        0000
___stackhi                   (abs)        0000
___stacklo                   (abs)        0000
__baudios                    text25       07FB
__end_of_CMDs                text30       07A4
__end_of_I2C_Master_Init     text5        06A2
__end_of_I2C_Master_Read     text21       0704
__end_of_I2C_Master_Start    text20       0FA8
__end_of_I2C_Master_Stop     text19       0FB1
__end_of_I2C_Master_Wait     text22       0FEB
__end_of_I2C_Master_Write    text18       0FC5
__end_of_ISR                 text32       0668
__end_of_LCD_clear           text29       0FDE
__end_of_LCD_init            text28       03DF
__end_of_Read_USART          text33       0F8F
__end_of_Write_USART         text27       0FD1
__end_of_Write_USART_String  text26       07C2
__end_of___awdiv             text14       0448
__end_of___awmod             text13       056C
__end_of___bmul              text17       1000
__end_of___lldiv             text6        04B0
__end_of___lwdiv             text3        05B2
__end_of___lwmod             text2        062C
__end_of__baudios            text25       0800
__end_of__initialization     cinit        001B
__end_of__stringtab          strings      0806
__end_of_bcd_a_dec           text16       07FB
__end_of_config_rcsta        text24       0F97
__end_of_config_txsta        text23       0FBB
__end_of_dec_a_bcd           text8        06D4
__end_of_dpowers             strings      0810
__end_of_lec_tiempo          text15       0114
__end_of_main                maintext     0511
__end_of_port                text31       05F0
__end_of_sep_char_LCD        text9        02C3
__end_of_set_cursor          text12       0782
__end_of_set_tiempo          text7        036A
__end_of_setup               text4        0733
__end_of_sprintf             text1        01FE
__end_of_write_char          text11       07DF
__end_of_write_string        text10       075C
__initialization             cinit        000F
__pbssBANK0                  bssBANK0     0020
__pbssCOMMON                 bssCOMMON    0078
__pcstackBANK0               cstackBANK0  003F
__pcstackCOMMON              cstackCOMMON 0070
__pintentry                  intentry     0004
__pmaintext                  maintext     04B0
__pstrings                   strings      0800
__ptext1                     text1        0114
__ptext10                    text10       0733
__ptext11                    text11       07C2
__ptext12                    text12       075C
__ptext13                    text13       0511
__ptext14                    text14       03DF
__ptext15                    text15       001F
__ptext16                    text16       07DF
__ptext17                    text17       0FEB
__ptext18                    text18       0FBB
__ptext19                    text19       0FA8
__ptext2                     text2        05F0
__ptext20                    text20       0F9F
__ptext21                    text21       06D4
__ptext22                    text22       0FDE
__ptext23                    text23       0FB1
__ptext24                    text24       0F8F
__ptext25                    text25       07FB
__ptext26                    text26       07A4
__ptext27                    text27       0FC5
__ptext28                    text28       036A
__ptext29                    text29       0FD1
__ptext3                     text3        056C
__ptext30                    text30       0782
__ptext31                    text31       05B2
__ptext32                    text32       062C
__ptext33                    text33       0F87
__ptext4                     text4        0704
__ptext5                     text5        0668
__ptext6                     text6        0448
__ptext7                     text7        02C3
__ptext8                     text8        06A2
__ptext9                     text9        01FE
__size_of_CMDs               (abs)        0000
__size_of_I2C_Master_Init    (abs)        0000
__size_of_I2C_Master_Read    (abs)        0000
__size_of_I2C_Master_Start   (abs)        0000
__size_of_I2C_Master_Stop    (abs)        0000
__size_of_I2C_Master_Wait    (abs)        0000
__size_of_I2C_Master_Write   (abs)        0000
__size_of_ISR                (abs)        0000
__size_of_LCD_clear          (abs)        0000
__size_of_LCD_init           (abs)        0000
__size_of_Read_USART         (abs)        0000
__size_of_Write_USART        (abs)        0000
__size_of_Write_USART_String (abs)        0000
__size_of___awdiv            (abs)        0000
__size_of___awmod            (abs)        0000
__size_of___bmul             (abs)        0000
__size_of___lldiv            (abs)        0000
__size_of___lwdiv            (abs)        0000
__size_of___lwmod            (abs)        0000
__size_of__baudios           (abs)        0000
__size_of_bcd_a_dec          (abs)        0000
__size_of_config_rcsta       (abs)        0000
__size_of_config_txsta       (abs)        0000
__size_of_dec_a_bcd          (abs)        0000
__size_of_lec_tiempo         (abs)        0000
__size_of_main               (abs)        0000
__size_of_port               (abs)        0000
__size_of_sep_char_LCD       (abs)        0000
__size_of_set_cursor         (abs)        0000
__size_of_set_tiempo         (abs)        0000
__size_of_setup              (abs)        0000
__size_of_sprintf            (abs)        0000
__size_of_write_char         (abs)        0000
__size_of_write_string       (abs)        0000
__stringbase                 strings      0805
__stringtab                  strings      0800
_bcd_a_dec                   text16       07DF
_config_rcsta                text24       0F8F
_config_txsta                text23       0FB1
_dec_a_bcd                   text8        06A2
_dia                         bssBANK0     0024
_dpowers                     strings      0806
_hora                        bssBANK0     0026
_lecUSART                    bssCOMMON    007A
_lec_tiempo                  text15       001F
_main                        maintext     04B0
_mes                         bssBANK0     0022
_min                         bssCOMMON    0078
_port                        text31       05B2
_seg                         bssBANK0     0028
_sep_char_LCD                text9        01FE
_set_cursor                  text12       075C
_set_tiempo                  text7        02C3
_setup                       text4        0704
_sprintf                     text1        0114
_write_char                  text11       07C2
_write_string                text10       0733
_year                        bssBANK0     0020
bcd_a_dec@valor              cstackCOMMON 0077
btemp                        (abs)        007E
clear_ram0                   clrtext      0F97
dec_a_bcd@valor              cstackBANK0  0048
end_of_initialization        cinit        001B
interrupt_function           intentry     0004
intlevel0                    functab      0000
intlevel1                    functab      0000
intlevel2                    functab      0000
intlevel3                    functab      0000
intlevel4                    functab      0000
intlevel5                    functab      0000
port@a                       cstackCOMMON 0073
reset_vec                    reset_vec    0000
saved_w                      (abs)        007E
sep_char_LCD@hora_0          cstackBANK0  0048
sep_char_LCD@hora_1          cstackBANK0  0049
sep_char_LCD@min_0           cstackBANK0  0046
sep_char_LCD@min_1           cstackBANK0  0047
sep_char_LCD@seg_0           cstackBANK0  0044
sep_char_LCD@seg_1           cstackBANK0  0045
set_cursor@a                 cstackBANK0  0040
set_cursor@b                 cstackCOMMON 0077
set_cursor@x                 cstackBANK0  0041
sprintf@ap                   cstackBANK0  004E
sprintf@c                    cstackBANK0  0054
sprintf@f                    cstackBANK0  0048
sprintf@flag                 cstackBANK0  004F
sprintf@prec                 cstackBANK0  0050
sprintf@sp                   cstackBANK0  0053
sprintf@val                  cstackBANK0  0051
start                        init         000C
start_initialization         cinit        000F
write_char@a                 cstackCOMMON 0075
write_string@a               cstackBANK0  003F
write_string@i               cstackBANK0  0040
wtemp0                       (abs)        007E


FUNCTION INFORMATION:

 *************** function _main *****************
 Defined at:
		line 86 in file "main.c"
 Parameters:    Size  Location     Type
		None
 Auto vars:     Size  Location     Type
		None
 Return value:  Size  Location     Type
                  1    wreg      void 
 Registers used:
		wreg, fsr0l, fsr0h, status,2, status,0, btemp+1, pclath, cstack
 Tracked objects:
		On entry : 
		On exit  : 
		Unchanged: 
 Data sizes:     COMMON   BANK0   BANK1   BANK3   BANK2
      Params:         0       0       0       0       0
      Locals:         0       0       0       0       0
      Temps:          0       3       0       0       0
      Totals:         0       3       0       0       0
Total ram usage:        3 bytes
 Hardware stack levels required when called:    6
 This function calls:
		_LCD_clear
		_LCD_init
		_Write_USART
		_Write_USART_String
		__baudios
		_config_rcsta
		_config_txsta
		_lec_tiempo
		_sep_char_LCD
		_set_tiempo
		_setup
		_sprintf
 This function is called by:
		Startup code after reset
 This function uses a non-reentrant model


 *************** function _sprintf *****************
 Defined at:
		line 505 in file "C:\Program Files\Microchip\xc8\v2.31\pic\sources\c90\common\doprnt.c"
 Parameters:    Size  Location     Type
  sp              1    wreg     PTR unsigned char 
		 -> BUFFER(20), 
  f               1    9[BANK0 ] PTR const unsigned char 
		 -> STR_1(3), 
 Auto vars:     Size  Location     Type
  sp              1   20[BANK0 ] PTR unsigned char 
		 -> BUFFER(20), 
  tmpval          4    0        struct .
  val             2   18[BANK0 ] unsigned int 
  cp              2    0        PTR const unsigned char 
  len             2    0        unsigned int 
  c               1   21[BANK0 ] unsigned char 
  prec            1   17[BANK0 ] char 
  flag            1   16[BANK0 ] unsigned char 
  ap              1   15[BANK0 ] PTR void [1]
		 -> ?_sprintf(2), 
 Return value:  Size  Location     Type
                  2    9[BANK0 ] int 
 Registers used:
		wreg, fsr0l, fsr0h, status,2, status,0, btemp+1, pclath, cstack
 Tracked objects:
		On entry : 
		On exit  : 
		Unchanged: 
 Data sizes:     COMMON   BANK0   BANK1   BANK3   BANK2
      Params:         0       3       0       0       0
      Locals:         0       7       0       0       0
      Temps:          0       3       0       0       0
      Totals:         0      13       0       0       0
Total ram usage:       13 bytes
 Hardware stack levels used:    1
 Hardware stack levels required when called:    3
 This function calls:
		___lwdiv
		___lwmod
 This function is called by:
		_main
 This function uses a non-reentrant model


 *************** function ___lwmod *****************
 Defined at:
		line 5 in file "C:\Program Files\Microchip\xc8\v2.31\pic\sources\c90\common\lwmod.c"
 Parameters:    Size  Location     Type
  divisor         2    3[BANK0 ] unsigned int 
  dividend        2    5[BANK0 ] unsigned int 
 Auto vars:     Size  Location     Type
  counter         1    8[BANK0 ] unsigned char 
 Return value:  Size  Location     Type
                  2    3[BANK0 ] unsigned int 
 Registers used:
		wreg, status,2, status,0
 Tracked objects:
		On entry : 
		On exit  : 
		Unchanged: 
 Data sizes:     COMMON   BANK0   BANK1   BANK3   BANK2
      Params:         0       4       0       0       0
      Locals:         0       1       0       0       0
      Temps:          0       1       0       0       0
      Totals:         0       6       0       0       0
Total ram usage:        6 bytes
 Hardware stack levels used:    1
 Hardware stack levels required when called:    2
 This function calls:
		Nothing
 This function is called by:
		_sprintf
 This function uses a non-reentrant model


 *************** function ___lwdiv *****************
 Defined at:
		line 5 in file "C:\Program Files\Microchip\xc8\v2.31\pic\sources\c90\common\lwdiv.c"
 Parameters:    Size  Location     Type
  divisor         2    3[COMMON] unsigned int 
  dividend        2    5[COMMON] unsigned int 
 Auto vars:     Size  Location     Type
  quotient        2    1[BANK0 ] unsigned int 
  counter         1    0[BANK0 ] unsigned char 
 Return value:  Size  Location     Type
                  2    3[COMMON] unsigned int 
 Registers used:
		wreg, status,2, status,0
 Tracked objects:
		On entry : 
		On exit  : 
		Unchanged: 
 Data sizes:     COMMON   BANK0   BANK1   BANK3   BANK2
      Params:         4       0       0       0       0
      Locals:         0       3       0       0       0
      Temps:          1       0       0       0       0
      Totals:         5       3       0       0       0
Total ram usage:        8 bytes
 Hardware stack levels used:    1
 Hardware stack levels required when called:    2
 This function calls:
		Nothing
 This function is called by:
		_sprintf
 This function uses a non-reentrant model


 *************** function _setup *****************
 Defined at:
		line 178 in file "main.c"
 Parameters:    Size  Location     Type
		None
 Auto vars:     Size  Location     Type
		None
 Return value:  Size  Location     Type
                  1    wreg      void 
 Registers used:
		wreg, status,2, status,0, pclath, cstack
 Tracked objects:
		On entry : 
		On exit  : 
		Unchanged: 
 Data sizes:     COMMON   BANK0   BANK1   BANK3   BANK2
      Params:         0       0       0       0       0
      Locals:         0       0       0       0       0
      Temps:          0       0       0       0       0
      Totals:         0       0       0       0       0
Total ram usage:        0 bytes
 Hardware stack levels used:    1
 Hardware stack levels required when called:    4
 This function calls:
		_I2C_Master_Init
 This function is called by:
		_main
 This function uses a non-reentrant model


 *************** function _I2C_Master_Init *****************
 Defined at:
		line 16 in file "I2C.c"
 Parameters:    Size  Location     Type
  c               4   13[BANK0 ] const unsigned long 
 Auto vars:     Size  Location     Type
		None
 Return value:  Size  Location     Type
                  1    wreg      void 
 Registers used:
		wreg, status,2, status,0, pclath, cstack
 Tracked objects:
		On entry : 
		On exit  : 
		Unchanged: 
 Data sizes:     COMMON   BANK0   BANK1   BANK3   BANK2
      Params:         0       4       0       0       0
      Locals:         0       0       0       0       0
      Temps:          4       0       0       0       0
      Totals:         4       4       0       0       0
Total ram usage:        8 bytes
 Hardware stack levels used:    1
 Hardware stack levels required when called:    3
 This function calls:
		___lldiv
 This function is called by:
		_setup
 This function uses a non-reentrant model


 *************** function ___lldiv *****************
 Defined at:
		line 5 in file "C:\Program Files\Microchip\xc8\v2.31\pic\sources\c90\common\__lldiv.c"
 Parameters:    Size  Location     Type
  divisor         4    0[BANK0 ] unsigned long 
  dividend        4    4[BANK0 ] unsigned long 
 Auto vars:     Size  Location     Type
  quotient        4    8[BANK0 ] unsigned long 
  counter         1   12[BANK0 ] unsigned char 
 Return value:  Size  Location     Type
                  4    0[BANK0 ] unsigned long 
 Registers used:
		wreg, status,2, status,0
 Tracked objects:
		On entry : 
		On exit  : 
		Unchanged: 
 Data sizes:     COMMON   BANK0   BANK1   BANK3   BANK2
      Params:         0       8       0       0       0
      Locals:         0       5       0       0       0
      Temps:          1       0       0       0       0
      Totals:         1      13       0       0       0
Total ram usage:       14 bytes
 Hardware stack levels used:    1
 Hardware stack levels required when called:    2
 This function calls:
		Nothing
 This function is called by:
		_I2C_Master_Init
 This function uses a non-reentrant model


 *************** function _set_tiempo *****************
 Defined at:
		line 115 in file "main.c"
 Parameters:    Size  Location     Type
		None
 Auto vars:     Size  Location     Type
		None
 Return value:  Size  Location     Type
                  1    wreg      void 
 Registers used:
		wreg, status,2, status,0, pclath, cstack
 Tracked objects:
		On entry : 
		On exit  : 
		Unchanged: 
 Data sizes:     COMMON   BANK0   BANK1   BANK3   BANK2
      Params:         0       0       0       0       0
      Locals:         0       0       0       0       0
      Temps:          0       2       0       0       0
      Totals:         0       2       0       0       0
Total ram usage:        2 bytes
 Hardware stack levels used:    1
 Hardware stack levels required when called:    4
 This function calls:
		_I2C_Master_Start
		_I2C_Master_Stop
		_I2C_Master_Write
		_dec_a_bcd
 This function is called by:
		_main
 This function uses a non-reentrant model


 *************** function _dec_a_bcd *****************
 Defined at:
		line 111 in file "main.c"
 Parameters:    Size  Location     Type
  valor           1    wreg     unsigned char 
 Auto vars:     Size  Location     Type
  valor           1    9[BANK0 ] unsigned char 
 Return value:  Size  Location     Type
                  1    wreg      unsigned char 
 Registers used:
		wreg, status,2, status,0, pclath, cstack
 Tracked objects:
		On entry : 
		On exit  : 
		Unchanged: 
 Data sizes:     COMMON   BANK0   BANK1   BANK3   BANK2
      Params:         0       0       0       0       0
      Locals:         0       1       0       0       0
      Temps:          0       5       0       0       0
      Totals:         0       6       0       0       0
Total ram usage:        6 bytes
 Hardware stack levels used:    1
 Hardware stack levels required when called:    3
 This function calls:
		___awdiv
		___awmod
 This function is called by:
		_set_tiempo
 This function uses a non-reentrant model


 *************** function _sep_char_LCD *****************
 Defined at:
		line 155 in file "main.c"
 Parameters:    Size  Location     Type
		None
 Auto vars:     Size  Location     Type
  hora_1          1   10[BANK0 ] unsigned char 
  hora_0          1    9[BANK0 ] unsigned char 
  min_1           1    8[BANK0 ] unsigned char 
  min_0           1    7[BANK0 ] unsigned char 
  seg_1           1    6[BANK0 ] unsigned char 
  seg_0           1    5[BANK0 ] unsigned char 
 Return value:  Size  Location     Type
                  1    wreg      void 
 Registers used:
		wreg, fsr0l, fsr0h, status,2, status,0, pclath, cstack
 Tracked objects:
		On entry : 
		On exit  : 
		Unchanged: 
 Data sizes:     COMMON   BANK0   BANK1   BANK3   BANK2
      Params:         0       0       0       0       0
      Locals:         0       6       0       0       0
      Temps:          0       1       0       0       0
      Totals:         0       7       0       0       0
Total ram usage:        7 bytes
 Hardware stack levels used:    1
 Hardware stack levels required when called:    5
 This function calls:
		___awdiv
		___awmod
		_set_cursor
		_write_char
		_write_string
 This function is called by:
		_main
 This function uses a non-reentrant model


 *************** function _write_string *****************
 Defined at:
		line 99 in file "LCD.c"
 Parameters:    Size  Location     Type
  a               1    wreg     PTR unsigned char 
		 -> STR_2(8), 
 Auto vars:     Size  Location     Type
  a               1    0[BANK0 ] PTR unsigned char 
		 -> STR_2(8), 
  i               2    1[BANK0 ] int 
 Return value:  Size  Location     Type
                  1    wreg      void 
 Registers used:
		wreg, fsr0l, fsr0h, status,2, status,0, pclath, cstack
 Tracked objects:
		On entry : 
		On exit  : 
		Unchanged: 
 Data sizes:     COMMON   BANK0   BANK1   BANK3   BANK2
      Params:         0       0       0       0       0
      Locals:         0       3       0       0       0
      Temps:          0       0       0       0       0
      Totals:         0       3       0       0       0
Total ram usage:        3 bytes
 Hardware stack levels used:    1
 Hardware stack levels required when called:    4
 This function calls:
		_write_char
 This function is called by:
		_sep_char_LCD
 This function uses a non-reentrant model


 *************** function _write_char *****************
 Defined at:
		line 89 in file "LCD.c"
 Parameters:    Size  Location     Type
  a               1    wreg     unsigned char 
 Auto vars:     Size  Location     Type
  a               1    5[COMMON] unsigned char 
 Return value:  Size  Location     Type
                  1    wreg      void 
 Registers used:
		wreg, status,2, status,0, pclath, cstack
 Tracked objects:
		On entry : 
		On exit  : 
		Unchanged: 
 Data sizes:     COMMON   BANK0   BANK1   BANK3   BANK2
      Params:         0       0       0       0       0
      Locals:         1       0       0       0       0
      Temps:          1       0       0       0       0
      Totals:         2       0       0       0       0
Total ram usage:        2 bytes
 Hardware stack levels used:    1
 Hardware stack levels required when called:    3
 This function calls:
		_port
 This function is called by:
		_sep_char_LCD
		_write_string
 This function uses a non-reentrant model


 *************** function _set_cursor *****************
 Defined at:
		line 57 in file "LCD.c"
 Parameters:    Size  Location     Type
  a               1    wreg     unsigned char 
  b               1    7[COMMON] unsigned char 
 Auto vars:     Size  Location     Type
  a               1    1[BANK0 ] unsigned char 
  x               1    2[BANK0 ] unsigned char 
 Return value:  Size  Location     Type
                  1    wreg      void 
 Registers used:
		wreg, status,2, status,0, pclath, cstack
 Tracked objects:
		On entry : 
		On exit  : 
		Unchanged: 
 Data sizes:     COMMON   BANK0   BANK1   BANK3   BANK2
      Params:         1       0       0       0       0
      Locals:         0       2       0       0       0
      Temps:          0       1       0       0       0
      Totals:         1       3       0       0       0
Total ram usage:        4 bytes
 Hardware stack levels used:    1
 Hardware stack levels required when called:    4
 This function calls:
		_CMDs
 This function is called by:
		_sep_char_LCD
 This function uses a non-reentrant model


 *************** function ___awmod *****************
 Defined at:
		line 5 in file "C:\Program Files\Microchip\xc8\v2.31\pic\sources\c90\common\awmod.c"
 Parameters:    Size  Location     Type
  divisor         2    3[COMMON] int 
  dividend        2    5[COMMON] int 
 Auto vars:     Size  Location     Type
  sign            1    1[BANK0 ] unsigned char 
  counter         1    0[BANK0 ] unsigned char 
 Return value:  Size  Location     Type
                  2    3[COMMON] int 
 Registers used:
		wreg, status,2, status,0
 Tracked objects:
		On entry : 
		On exit  : 
		Unchanged: 
 Data sizes:     COMMON   BANK0   BANK1   BANK3   BANK2
      Params:         4       0       0       0       0
      Locals:         0       2       0       0       0
      Temps:          1       0       0       0       0
      Totals:         5       2       0       0       0
Total ram usage:        7 bytes
 Hardware stack levels used:    1
 Hardware stack levels required when called:    2
 This function calls:
		Nothing
 This function is called by:
		_dec_a_bcd
		_sep_char_LCD
 This function uses a non-reentrant model


 *************** function ___awdiv *****************
 Defined at:
		line 5 in file "C:\Program Files\Microchip\xc8\v2.31\pic\sources\c90\common\awdiv.c"
 Parameters:    Size  Location     Type
  divisor         2    3[COMMON] int 
  dividend        2    5[COMMON] int 
 Auto vars:     Size  Location     Type
  quotient        2    2[BANK0 ] int 
  sign            1    1[BANK0 ] unsigned char 
  counter         1    0[BANK0 ] unsigned char 
 Return value:  Size  Location     Type
                  2    3[COMMON] int 
 Registers used:
		wreg, status,2, status,0
 Tracked objects:
		On entry : 
		On exit  : 
		Unchanged: 
 Data sizes:     COMMON   BANK0   BANK1   BANK3   BANK2
      Params:         4       0       0       0       0
      Locals:         0       4       0       0       0
      Temps:          1       0       0       0       0
      Totals:         5       4       0       0       0
Total ram usage:        9 bytes
 Hardware stack levels used:    1
 Hardware stack levels required when called:    2
 This function calls:
		Nothing
 This function is called by:
		_dec_a_bcd
		_sep_char_LCD
 This function uses a non-reentrant model


 *************** function _lec_tiempo *****************
 Defined at:
		line 130 in file "main.c"
 Parameters:    Size  Location     Type
		None
 Auto vars:     Size  Location     Type
		None
 Return value:  Size  Location     Type
                  1    wreg      void 
 Registers used:
		wreg, status,2, status,0, pclath, cstack
 Tracked objects:
		On entry : 
		On exit  : 
		Unchanged: 
 Data sizes:     COMMON   BANK0   BANK1   BANK3   BANK2
      Params:         0       0       0       0       0
      Locals:         0       0       0       0       0
      Temps:          0       3       0       0       0
      Totals:         0       3       0       0       0
Total ram usage:        3 bytes
 Hardware stack levels used:    1
 Hardware stack levels required when called:    4
 This function calls:
		_I2C_Master_Read
		_I2C_Master_Start
		_I2C_Master_Stop
		_I2C_Master_Write
		_bcd_a_dec
 This function is called by:
		_main
 This function uses a non-reentrant model


 *************** function _bcd_a_dec *****************
 Defined at:
		line 107 in file "main.c"
 Parameters:    Size  Location     Type
  valor           1    wreg     unsigned char 
 Auto vars:     Size  Location     Type
  valor           1    7[COMMON] unsigned char 
 Return value:  Size  Location     Type
                  1    wreg      unsigned char 
 Registers used:
		wreg, status,2, status,0, pclath, cstack
 Tracked objects:
		On entry : 
		On exit  : 
		Unchanged: 
 Data sizes:     COMMON   BANK0   BANK1   BANK3   BANK2
      Params:         0       0       0       0       0
      Locals:         1       0       0       0       0
      Temps:          0       3       0       0       0
      Totals:         1       3       0       0       0
Total ram usage:        4 bytes
 Hardware stack levels used:    1
 Hardware stack levels required when called:    3
 This function calls:
		___bmul
 This function is called by:
		_lec_tiempo
 This function uses a non-reentrant model


 *************** function ___bmul *****************
 Defined at:
		line 4 in file "C:\Program Files\Microchip\xc8\v2.31\pic\sources\c90\common\Umul8.c"
 Parameters:    Size  Location     Type
  multiplier      1    wreg     unsigned char 
  multiplicand    1    3[COMMON] unsigned char 
 Auto vars:     Size  Location     Type
  multiplier      1    6[COMMON] unsigned char 
  product         1    5[COMMON] unsigned char 
 Return value:  Size  Location     Type
                  1    wreg      unsigned char 
 Registers used:
		wreg, status,2, status,0
 Tracked objects:
		On entry : 
		On exit  : 
		Unchanged: 
 Data sizes:     COMMON   BANK0   BANK1   BANK3   BANK2
      Params:         1       0       0       0       0
      Locals:         2       0       0       0       0
      Temps:          1       0       0       0       0
      Totals:         4       0       0       0       0
Total ram usage:        4 bytes
 Hardware stack levels used:    1
 Hardware stack levels required when called:    2
 This function calls:
		Nothing
 This function is called by:
		_bcd_a_dec
 This function uses a non-reentrant model


 *************** function _I2C_Master_Write *****************
 Defined at:
		line 65 in file "I2C.c"
 Parameters:    Size  Location     Type
  d               2   10[BANK0 ] unsigned int 
 Auto vars:     Size  Location     Type
		None
 Return value:  Size  Location     Type
                  1    wreg      void 
 Registers used:
		wreg, status,2, status,0, pclath, cstack
 Tracked objects:
		On entry : 
		On exit  : 
		Unchanged: 
 Data sizes:     COMMON   BANK0   BANK1   BANK3   BANK2
      Params:         0       2       0       0       0
      Locals:         0       0       0       0       0
      Temps:          0       0       0       0       0
      Totals:         0       2       0       0       0
Total ram usage:        2 bytes
 Hardware stack levels used:    1
 Hardware stack levels required when called:    3
 This function calls:
		_I2C_Master_Wait
 This function is called by:
		_set_tiempo
		_lec_tiempo
 This function uses a non-reentrant model


 *************** function _I2C_Master_Stop *****************
 Defined at:
		line 55 in file "I2C.c"
 Parameters:    Size  Location     Type
		None
 Auto vars:     Size  Location     Type
		None
 Return value:  Size  Location     Type
                  1    wreg      void 
 Registers used:
		wreg, status,2, status,0, pclath, cstack
 Tracked objects:
		On entry : 
		On exit  : 
		Unchanged: 
 Data sizes:     COMMON   BANK0   BANK1   BANK3   BANK2
      Params:         0       0       0       0       0
      Locals:         0       0       0       0       0
      Temps:          0       0       0       0       0
      Totals:         0       0       0       0       0
Total ram usage:        0 bytes
 Hardware stack levels used:    1
 Hardware stack levels required when called:    3
 This function calls:
		_I2C_Master_Wait
 This function is called by:
		_set_tiempo
		_lec_tiempo
 This function uses a non-reentrant model


 *************** function _I2C_Master_Start *****************
 Defined at:
		line 39 in file "I2C.c"
 Parameters:    Size  Location     Type
		None
 Auto vars:     Size  Location     Type
		None
 Return value:  Size  Location     Type
                  1    wreg      void 
 Registers used:
		wreg, status,2, status,0, pclath, cstack
 Tracked objects:
		On entry : 
		On exit  : 
		Unchanged: 
 Data sizes:     COMMON   BANK0   BANK1   BANK3   BANK2
      Params:         0       0       0       0       0
      Locals:         0       0       0       0       0
      Temps:          0       0       0       0       0
      Totals:         0       0       0       0       0
Total ram usage:        0 bytes
 Hardware stack levels used:    1
 Hardware stack levels required when called:    3
 This function calls:
		_I2C_Master_Wait
 This function is called by:
		_set_tiempo
		_lec_tiempo
 This function uses a non-reentrant model


 *************** function _I2C_Master_Read *****************
 Defined at:
		line 74 in file "I2C.c"
 Parameters:    Size  Location     Type
  a               2    3[COMMON] unsigned short 
 Auto vars:     Size  Location     Type
  temp            2    0[BANK0 ] unsigned short 
 Return value:  Size  Location     Type
                  2    3[COMMON] unsigned short 
 Registers used:
		wreg, status,2, status,0, pclath, cstack
 Tracked objects:
		On entry : 
		On exit  : 
		Unchanged: 
 Data sizes:     COMMON   BANK0   BANK1   BANK3   BANK2
      Params:         2       0       0       0       0
      Locals:         0       2       0       0       0
      Temps:          2       0       0       0       0
      Totals:         4       2       0       0       0
Total ram usage:        6 bytes
 Hardware stack levels used:    1
 Hardware stack levels required when called:    3
 This function calls:
		_I2C_Master_Wait
 This function is called by:
		_lec_tiempo
 This function uses a non-reentrant model


 *************** function _I2C_Master_Wait *****************
 Defined at:
		line 32 in file "I2C.c"
 Parameters:    Size  Location     Type
		None
 Auto vars:     Size  Location     Type
		None
 Return value:  Size  Location     Type
                  1    wreg      void 
 Registers used:
		wreg, status,2
 Tracked objects:
		On entry : 
		On exit  : 
		Unchanged: 
 Data sizes:     COMMON   BANK0   BANK1   BANK3   BANK2
      Params:         0       0       0       0       0
      Locals:         0       0       0       0       0
      Temps:          0       0       0       0       0
      Totals:         0       0       0       0       0
Total ram usage:        0 bytes
 Hardware stack levels used:    1
 Hardware stack levels required when called:    2
 This function calls:
		Nothing
 This function is called by:
		_I2C_Master_Start
		_I2C_Master_Stop
		_I2C_Master_Write
		_I2C_Master_Read
		_I2C_Master_RepeatedStart
 This function uses a non-reentrant model


 *************** function _config_txsta *****************
 Defined at:
		line 9 in file "USART.c"
 Parameters:    Size  Location     Type
		None
 Auto vars:     Size  Location     Type
		None
 Return value:  Size  Location     Type
                  1    wreg      void 
 Registers used:
		None
 Tracked objects:
		On entry : 
		On exit  : 
		Unchanged: 
 Data sizes:     COMMON   BANK0   BANK1   BANK3   BANK2
      Params:         0       0       0       0       0
      Locals:         0       0       0       0       0
      Temps:          0       0       0       0       0
      Totals:         0       0       0       0       0
Total ram usage:        0 bytes
 Hardware stack levels used:    1
 Hardware stack levels required when called:    2
 This function calls:
		Nothing
 This function is called by:
		_main
 This function uses a non-reentrant model


 *************** function _config_rcsta *****************
 Defined at:
		line 19 in file "USART.c"
 Parameters:    Size  Location     Type
		None
 Auto vars:     Size  Location     Type
		None
 Return value:  Size  Location     Type
                  1    wreg      void 
 Registers used:
		status,2
 Tracked objects:
		On entry : 
		On exit  : 
		Unchanged: 
 Data sizes:     COMMON   BANK0   BANK1   BANK3   BANK2
      Params:         0       0       0       0       0
      Locals:         0       0       0       0       0
      Temps:          0       0       0       0       0
      Totals:         0       0       0       0       0
Total ram usage:        0 bytes
 Hardware stack levels used:    1
 Hardware stack levels required when called:    2
 This function calls:
		Nothing
 This function is called by:
		_main
 This function uses a non-reentrant model


 *************** function __baudios *****************
 Defined at:
		line 5 in file "USART.c"
 Parameters:    Size  Location     Type
		None
 Auto vars:     Size  Location     Type
		None
 Return value:  Size  Location     Type
                  1    wreg      void 
 Registers used:
		wreg
 Tracked objects:
		On entry : 
		On exit  : 
		Unchanged: 
 Data sizes:     COMMON   BANK0   BANK1   BANK3   BANK2
      Params:         0       0       0       0       0
      Locals:         0       0       0       0       0
      Temps:          0       0       0       0       0
      Totals:         0       0       0       0       0
Total ram usage:        0 bytes
 Hardware stack levels used:    1
 Hardware stack levels required when called:    2
 This function calls:
		Nothing
 This function is called by:
		_main
 This function uses a non-reentrant model


 *************** function _Write_USART_String *****************
 Defined at:
		line 30 in file "USART.c"
 Parameters:    Size  Location     Type
  a               1    wreg     PTR unsigned char 
		 -> BUFFER(20), 
 Auto vars:     Size  Location     Type
  a               1    5[COMMON] PTR unsigned char 
		 -> BUFFER(20), 
  i               1    6[COMMON] unsigned char 
 Return value:  Size  Location     Type
                  1    wreg      void 
 Registers used:
		wreg, fsr0l, fsr0h, status,2, status,0, pclath, cstack
 Tracked objects:
		On entry : 
		On exit  : 
		Unchanged: 
 Data sizes:     COMMON   BANK0   BANK1   BANK3   BANK2
      Params:         0       0       0       0       0
      Locals:         2       0       0       0       0
      Temps:          1       0       0       0       0
      Totals:         3       0       0       0       0
Total ram usage:        3 bytes
 Hardware stack levels used:    1
 Hardware stack levels required when called:    3
 This function calls:
		_Write_USART
 This function is called by:
		_main
 This function uses a non-reentrant model


 *************** function _Write_USART *****************
 Defined at:
		line 26 in file "USART.c"
 Parameters:    Size  Location     Type
  a               1    wreg     unsigned char 
 Auto vars:     Size  Location     Type
  a               1    3[COMMON] unsigned char 
 Return value:  Size  Location     Type
                  1    wreg      void 
 Registers used:
		wreg
 Tracked objects:
		On entry : 
		On exit  : 
		Unchanged: 
 Data sizes:     COMMON   BANK0   BANK1   BANK3   BANK2
      Params:         0       0       0       0       0
      Locals:         1       0       0       0       0
      Temps:          0       0       0       0       0
      Totals:         1       0       0       0       0
Total ram usage:        1 bytes
 Hardware stack levels used:    1
 Hardware stack levels required when called:    2
 This function calls:
		Nothing
 This function is called by:
		_main
		_Write_USART_String
 This function uses a non-reentrant model


 *************** function _LCD_init *****************
 Defined at:
		line 69 in file "LCD.c"
 Parameters:    Size  Location     Type
		None
 Auto vars:     Size  Location     Type
		None
 Return value:  Size  Location     Type
                  1    wreg      void 
 Registers used:
		wreg, status,2, status,0, pclath, cstack
 Tracked objects:
		On entry : 
		On exit  : 
		Unchanged: 
 Data sizes:     COMMON   BANK0   BANK1   BANK3   BANK2
      Params:         0       0       0       0       0
      Locals:         0       0       0       0       0
      Temps:          0       2       0       0       0
      Totals:         0       2       0       0       0
Total ram usage:        2 bytes
 Hardware stack levels used:    1
 Hardware stack levels required when called:    4
 This function calls:
		_CMDs
 This function is called by:
		_main
 This function uses a non-reentrant model


 *************** function _LCD_clear *****************
 Defined at:
		line 52 in file "LCD.c"
 Parameters:    Size  Location     Type
		None
 Auto vars:     Size  Location     Type
		None
 Return value:  Size  Location     Type
                  1    wreg      void 
 Registers used:
		wreg, status,2, status,0, pclath, cstack
 Tracked objects:
		On entry : 
		On exit  : 
		Unchanged: 
 Data sizes:     COMMON   BANK0   BANK1   BANK3   BANK2
      Params:         0       0       0       0       0
      Locals:         0       0       0       0       0
      Temps:          0       0       0       0       0
      Totals:         0       0       0       0       0
Total ram usage:        0 bytes
 Hardware stack levels used:    1
 Hardware stack levels required when called:    4
 This function calls:
		_CMDs
 This function is called by:
		_main
 This function uses a non-reentrant model


 *************** function _CMDs *****************
 Defined at:
		line 42 in file "LCD.c"
 Parameters:    Size  Location     Type
  a               1    wreg     unsigned char 
 Auto vars:     Size  Location     Type
  a               1    6[COMMON] unsigned char 
 Return value:  Size  Location     Type
                  1    wreg      void 
 Registers used:
		wreg, status,2, status,0, pclath, cstack
 Tracked objects:
		On entry : 
		On exit  : 
		Unchanged: 
 Data sizes:     COMMON   BANK0   BANK1   BANK3   BANK2
      Params:         0       0       0       0       0
      Locals:         1       0       0       0       0
      Temps:          2       0       0       0       0
      Totals:         3       0       0       0       0
Total ram usage:        3 bytes
 Hardware stack levels used:    1
 Hardware stack levels required when called:    3
 This function calls:
		_port
 This function is called by:
		_LCD_clear
		_set_cursor
		_LCD_init
 This function uses a non-reentrant model


 *************** function _port *****************
 Defined at:
		line 7 in file "LCD.c"
 Parameters:    Size  Location     Type
  a               1    wreg     unsigned char 
 Auto vars:     Size  Location     Type
  a               1    3[COMMON] unsigned char 
 Return value:  Size  Location     Type
                  1    wreg      void 
 Registers used:
		wreg
 Tracked objects:
		On entry : 
		On exit  : 
		Unchanged: 
 Data sizes:     COMMON   BANK0   BANK1   BANK3   BANK2
      Params:         0       0       0       0       0
      Locals:         1       0       0       0       0
      Temps:          0       0       0       0       0
      Totals:         1       0       0       0       0
Total ram usage:        1 bytes
 Hardware stack levels used:    1
 Hardware stack levels required when called:    2
 This function calls:
		Nothing
 This function is called by:
		_CMDs
		_write_char
 This function uses a non-reentrant model


 *************** function _ISR *****************
 Defined at:
		line 64 in file "main.c"
 Parameters:    Size  Location     Type
		None
 Auto vars:     Size  Location     Type
		None
 Return value:  Size  Location     Type
                  1    wreg      void 
 Registers used:
		wreg, status,2, status,0, pclath, cstack
 Tracked objects:
		On entry : 
		On exit  : 
		Unchanged: 
 Data sizes:     COMMON   BANK0   BANK1   BANK3   BANK2
      Params:         0       0       0       0       0
      Locals:         0       0       0       0       0
      Temps:          3       0       0       0       0
      Totals:         3       0       0       0       0
Total ram usage:        3 bytes
 Hardware stack levels used:    1
 Hardware stack levels required when called:    1
 This function calls:
		_Read_USART
 This function is called by:
		Interrupt level 1
 This function uses a non-reentrant model


 *************** function _Read_USART *****************
 Defined at:
		line 36 in file "USART.c"
 Parameters:    Size  Location     Type
		None
 Auto vars:     Size  Location     Type
		None
 Return value:  Size  Location     Type
                  1    wreg      unsigned char 
 Registers used:
		wreg
 Tracked objects:
		On entry : 
		On exit  : 
		Unchanged: 
 Data sizes:     COMMON   BANK0   BANK1   BANK3   BANK2
      Params:         0       0       0       0       0
      Locals:         0       0       0       0       0
      Temps:          0       0       0       0       0
      Totals:         0       0       0       0       0
Total ram usage:        0 bytes
 Hardware stack levels used:    1
 This function calls:
		Nothing
 This function is called by:
		_ISR
 This function uses a non-reentrant model



MODULE INFORMATION

Module		Function		Class		Link	Load	Size
USART.c
		_Write_USART_String		CODE           	07A4	0000	30
		__baudios      		CODE           	07FB	0000	5
		_Write_USART   		CODE           	0FC5	0000	12
		_Read_USART    		CODE           	0F87	0000	8
		_config_rcsta  		CODE           	0F8F	0000	8
		_config_txsta  		CODE           	0FB1	0000	10

USART.c estimated size: 73

C:\Program Files\Microchip\xc8\v2.31\pic\sources\c90\common\__lldiv.c
		___lldiv       		CODE           	0448	0000	104

C:\Program Files\Microchip\xc8\v2.31\pic\sources\c90\common\__lldiv.c estimated size: 104

C:\Program Files\Microchip\xc8\v2.31\pic\sources\c90\common\doprnt.c
		_sprintf       		CODE           	0114	0000	234

C:\Program Files\Microchip\xc8\v2.31\pic\sources\c90\common\doprnt.c estimated size: 234

C:\Program Files\Microchip\xc8\v2.31\pic\sources\c90\common\lwmod.c
		___lwmod       		CODE           	05F0	0000	60

C:\Program Files\Microchip\xc8\v2.31\pic\sources\c90\common\lwmod.c estimated size: 60

C:\Program Files\Microchip\xc8\v2.31\pic\sources\c90\common\awmod.c
		___awmod       		CODE           	0511	0000	91

C:\Program Files\Microchip\xc8\v2.31\pic\sources\c90\common\awmod.c estimated size: 91

I2C.c
		_I2C_Master_Read		CODE           	06D4	0000	48
		_I2C_Master_Wait		CODE           	0FDE	0000	13
		_I2C_Master_Init		CODE           	0668	0000	58
		_I2C_Master_Stop		CODE           	0FA8	0000	9
		_I2C_Master_Write		CODE           	0FBB	0000	10
		_I2C_Master_Start		CODE           	0F9F	0000	9

I2C.c estimated size: 147

C:\Program Files\Microchip\xc8\v2.31\pic\sources\c90\common\lwdiv.c
		___lwdiv       		CODE           	056C	0000	70

C:\Program Files\Microchip\xc8\v2.31\pic\sources\c90\common\lwdiv.c estimated size: 70

C:\Program Files\Microchip\xc8\v2.31\pic\sources\c90\common\awdiv.c
		___awdiv       		CODE           	03DF	0000	105

C:\Program Files\Microchip\xc8\v2.31\pic\sources\c90\common\awdiv.c estimated size: 105

shared
		__stringtab    		STRING         	0800	0000	6
		_dpowers       		STRING         	0806	0000	10
		__initialization		CODE           	000F	0000	12

shared estimated size: 28

C:\Program Files\Microchip\xc8\v2.31\pic\sources\c90\common\Umul8.c
		___bmul        		CODE           	0FEB	0000	21

C:\Program Files\Microchip\xc8\v2.31\pic\sources\c90\common\Umul8.c estimated size: 21

main.c
		_sep_char_LCD  		CODE           	01FE	0000	197
		_ISR           		CODE           	062C	0000	60
		_set_tiempo    		CODE           	02C3	0000	167
		_main          		CODE           	04B0	0000	97
		_lec_tiempo    		CODE           	001F	0000	245
		_dec_a_bcd     		CODE           	06A2	0000	50
		_setup         		CODE           	0704	0000	47
		_bcd_a_dec     		CODE           	07DF	0000	28

main.c estimated size: 891

LCD.c
		_LCD_clear     		CODE           	0FD1	0000	13
		_CMDs          		CODE           	0782	0000	34
		_set_cursor    		CODE           	075C	0000	38
		_write_char    		CODE           	07C2	0000	29
		_write_string  		CODE           	0733	0000	41
		_port          		CODE           	05B2	0000	62
		_LCD_init      		CODE           	036A	0000	117

LCD.c estimated size: 334

